[debug] [2026-04-24T21:41:46.711Z] [Firebase Plugin] Activating Firebase extension.
[debug] [2026-04-24T21:41:47.846Z] [Firebase Plugin] requireAuthWrapper
[debug] [2026-04-24T21:41:47.847Z] > command requires scopes: ["email","openid","https://www.googleapis.com/auth/cloudplatformprojects.readonly","https://www.googleapis.com/auth/firebase","https://www.googleapis.com/auth/cloud-platform"]
[debug] [2026-04-24T21:41:47.869Z] [Firebase Plugin] VSCode notification server listening on port 40001
[error] [Firebase Plugin] requireAuth error: Could not load the default credentials. Browse to https://cloud.google.com/docs/authentication/getting-started for more information.
[info] [Firebase Plugin] Starting SQL Connect toolkit (version 3.4.5) on port 50001
[debug] [2026-04-24T21:41:49.718Z] I0424 18:41:49.681306   16064 control.go:100] [projects/emulator/locations/emulator/services/krono c49d] UpdateResources(): done
Main schema: sources: schema\schema.gql [1992B] 
Connector "example": sources: example\mutations.gql [1243B] example\queries.gql [1801B] 
 {"metadata":{"emulator":{"name":"dataconnect"},"message":"I0424 18:41:49.681306   16064 control.go:100] [projects/emulator/locations/emulator/services/krono c49d] UpdateResources(): done\nMain schema: sources: schema\\schema.gql [1992B] \nConnector \"example\": sources: example\\mutations.gql [1243B] example\\queries.gql [1801B] \n"}}
[debug] [2026-04-24T21:41:49.719Z] Ignoring unsupported arg: auto_download {"metadata":{"emulator":{"name":"dataconnect"},"message":"Ignoring unsupported arg: auto_download"}}
[debug] [2026-04-24T21:41:49.719Z] Ignoring unsupported arg: port {"metadata":{"emulator":{"name":"dataconnect"},"message":"Ignoring unsupported arg: port"}}
[debug] [2026-04-24T21:41:49.719Z] Starting SQL Connect Emulator with command {"binary":"C:\\Users\\Gustavo\\.cache\\firebase\\emulators\\dataconnect-emulator-3.4.5.exe","args":["--logtostderr","-v=2","dev","--listen=localhost:50001","--config_dir=e:\\KRONO\\krono\\dataconnect","--enable_output_schema_extensions=true","--enable_output_generated_sdk=true"],"optionalArgs":["listen","config_dir","enable_output_schema_extensions","enable_output_generated_sdk"],"joinArgs":true,"shell":false,"port":9399} {"metadata":{"emulator":{"name":"dataconnect"},"message":"Starting SQL Connect Emulator with command {\"binary\":\"C:\\\\Users\\\\Gustavo\\\\.cache\\\\firebase\\\\emulators\\\\dataconnect-emulator-3.4.5.exe\",\"args\":[\"--logtostderr\",\"-v=2\",\"dev\",\"--listen=localhost:50001\",\"--config_dir=e:\\\\KRONO\\\\krono\\\\dataconnect\",\"--enable_output_schema_extensions=true\",\"--enable_output_generated_sdk=true\"],\"optionalArgs\":[\"listen\",\"config_dir\",\"enable_output_schema_extensions\",\"enable_output_generated_sdk\"],\"joinArgs\":true,\"shell\":false,\"port\":9399}"}}
[info] i  dataconnect: SQL Connect Emulator logging to dataconnect-debug.log {"metadata":{"emulator":{"name":"dataconnect"},"message":"SQL Connect Emulator logging to \u001b[1mdataconnect-debug.log\u001b[22m"}}
[debug] [2026-04-24T21:41:50.277Z] I0424 18:41:49.758517   15332 load.go:31] Reloading schema and connectors...
I0424 18:41:49.808063   15332 control.go:100] [projects/emulator/locations/emulator/services/krono d8cb] UpdateResources(): done
Main schema: sources: schema\schema.gql [1992B] 
Connector "example": sources: example\mutations.gql [1243B] example\queries.gql [1801B] 
I0424 18:41:49.819268   15332 codegen.go:101] [connector "example" javascriptSdk] Generating sources into "e:\\KRONO\\krono\\src\\dataconnect-generated"
I0424 18:41:49.824994   15332 collector.go:107] schema extensions wrote into "e:\\KRONO\\krono\\dataconnect\\.dataconnect\\schema"
Generated sources: main\relation.gql [14318B] main\query.gql [5099B] main\mutation.gql [13679B] prelude.gql [82799B] main\implicit.gql [1261B] main\input.gql [28927B] 
I0424 18:41:49.825994   15332 collector.go:107] connector "example" javascriptSdk wrote into "e:\\KRONO\\krono\\src\\dataconnect-generated"
Generated sources: README.md [41108B] .guides/setup.md [584B] .guides/config.json [236B] index.d.ts [8426B] esm\index.esm.js [5263B] esm\package.json [17B] index.cjs.js [5807B] package.json [615B] .guides/usage.md [1705B] 
I0424 18:41:49.826994   15332 installsdk.go:55] Package @dataconnect/generated is already installed. Skipping installation
I0424 18:41:49.826994   15332 load.go:109] Finished reloading
I0424 18:41:49.838993   15332 dev.go:104] Listening on address (HTTP + gRPC): 127.0.0.1:50001
 {"metadata":{"emulator":{"name":"dataconnect"},"message":"I0424 18:41:49.758517   15332 load.go:31] Reloading schema and connectors...\nI0424 18:41:49.808063   15332 control.go:100] [projects/emulator/locations/emulator/services/krono d8cb] UpdateResources(): done\nMain schema: sources: schema\\schema.gql [1992B] \nConnector \"example\": sources: example\\mutations.gql [1243B] example\\queries.gql [1801B] \nI0424 18:41:49.819268   15332 codegen.go:101] [connector \"example\" javascriptSdk] Generating sources into \"e:\\\\KRONO\\\\krono\\\\src\\\\dataconnect-generated\"\nI0424 18:41:49.824994   15332 collector.go:107] schema extensions wrote into \"e:\\\\KRONO\\\\krono\\\\dataconnect\\\\.dataconnect\\\\schema\"\nGenerated sources: main\\relation.gql [14318B] main\\query.gql [5099B] main\\mutation.gql [13679B] prelude.gql [82799B] main\\implicit.gql [1261B] main\\input.gql [28927B] \nI0424 18:41:49.825994   15332 collector.go:107] connector \"example\" javascriptSdk wrote into \"e:\\\\KRONO\\\\krono\\\\src\\\\dataconnect-generated\"\nGenerated sources: README.md [41108B] .guides/setup.md [584B] .guides/config.json [236B] index.d.ts [8426B] esm\\index.esm.js [5263B] esm\\package.json [17B] index.cjs.js [5807B] package.json [615B] .guides/usage.md [1705B] \nI0424 18:41:49.826994   15332 installsdk.go:55] Package @dataconnect/generated is already installed. Skipping installation\nI0424 18:41:49.826994   15332 load.go:109] Finished reloading\nI0424 18:41:49.838993   15332 dev.go:104] Listening on address (HTTP + gRPC): 127.0.0.1:50001\n"}}
[debug] [2026-04-24T21:41:50.638Z] I0424 18:41:50.641595   15332 engine.go:209] [projects/emulator/locations/emulator/services/krono d8cb] ExecuteGraphqlRead query IntrospectionQuery: succeeded. 
 {"metadata":{"emulator":{"name":"dataconnect"},"message":"I0424 18:41:50.641595   15332 engine.go:209] [projects/emulator/locations/emulator/services/krono d8cb] ExecuteGraphqlRead query IntrospectionQuery: succeeded. \n"}}
[info] [Firebase Plugin] Stopping SQL Connect toolkit
[warn] !  SQL Connect Emulator has exited upon receiving signal: SIGINT 
[debug] [2026-04-25T09:41:24.707Z] [Firebase Plugin] Activating Firebase extension.
[debug] [2026-04-25T09:41:26.682Z] [Firebase Plugin] requireAuthWrapper
[debug] [2026-04-25T09:41:26.683Z] > command requires scopes: ["email","openid","https://www.googleapis.com/auth/cloudplatformprojects.readonly","https://www.googleapis.com/auth/firebase","https://www.googleapis.com/auth/cloud-platform"]
[debug] [2026-04-25T09:41:26.702Z] [Firebase Plugin] VSCode notification server listening on port 40001
[error] [Firebase Plugin] requireAuth error: Could not load the default credentials. Browse to https://cloud.google.com/docs/authentication/getting-started for more information.
[info] [Firebase Plugin] Starting SQL Connect toolkit (version 3.4.5) on port 50001
[debug] [2026-04-25T09:41:27.439Z] I0425 06:41:27.394093    2624 control.go:100] [projects/emulator/locations/emulator/services/krono ac3e] UpdateResources(): done
Main schema: sources: schema\schema.gql [1992B] 
Connector "example": sources: example\mutations.gql [1243B] example\queries.gql [1801B] 
 {"metadata":{"emulator":{"name":"dataconnect"},"message":"I0425 06:41:27.394093    2624 control.go:100] [projects/emulator/locations/emulator/services/krono ac3e] UpdateResources(): done\nMain schema: sources: schema\\schema.gql [1992B] \nConnector \"example\": sources: example\\mutations.gql [1243B] example\\queries.gql [1801B] \n"}}
[debug] [2026-04-25T09:41:27.440Z] Ignoring unsupported arg: auto_download {"metadata":{"emulator":{"name":"dataconnect"},"message":"Ignoring unsupported arg: auto_download"}}
[debug] [2026-04-25T09:41:27.440Z] Ignoring unsupported arg: port {"metadata":{"emulator":{"name":"dataconnect"},"message":"Ignoring unsupported arg: port"}}
[debug] [2026-04-25T09:41:27.440Z] Starting SQL Connect Emulator with command {"binary":"C:\\Users\\Gustavo\\.cache\\firebase\\emulators\\dataconnect-emulator-3.4.5.exe","args":["--logtostderr","-v=2","dev","--listen=localhost:50001","--config_dir=e:\\KRONO\\krono\\dataconnect","--enable_output_schema_extensions=true","--enable_output_generated_sdk=true"],"optionalArgs":["listen","config_dir","enable_output_schema_extensions","enable_output_generated_sdk"],"joinArgs":true,"shell":false,"port":9399} {"metadata":{"emulator":{"name":"dataconnect"},"message":"Starting SQL Connect Emulator with command {\"binary\":\"C:\\\\Users\\\\Gustavo\\\\.cache\\\\firebase\\\\emulators\\\\dataconnect-emulator-3.4.5.exe\",\"args\":[\"--logtostderr\",\"-v=2\",\"dev\",\"--listen=localhost:50001\",\"--config_dir=e:\\\\KRONO\\\\krono\\\\dataconnect\",\"--enable_output_schema_extensions=true\",\"--enable_output_generated_sdk=true\"],\"optionalArgs\":[\"listen\",\"config_dir\",\"enable_output_schema_extensions\",\"enable_output_generated_sdk\"],\"joinArgs\":true,\"shell\":false,\"port\":9399}"}}
[info] i  dataconnect: SQL Connect Emulator logging to dataconnect-debug.log {"metadata":{"emulator":{"name":"dataconnect"},"message":"SQL Connect Emulator logging to \u001b[1mdataconnect-debug.log\u001b[22m"}}
[debug] [2026-04-25T09:41:27.533Z] I0425 06:41:27.474995   12972 load.go:31] Reloading schema and connectors...
 {"metadata":{"emulator":{"name":"dataconnect"},"message":"I0425 06:41:27.474995   12972 load.go:31] Reloading schema and connectors...\n"}}
[debug] [2026-04-25T09:41:27.541Z] I0425 06:41:27.538330   12972 control.go:100] [projects/emulator/locations/emulator/services/krono e0df] UpdateResources(): done
Main schema: sources: schema\schema.gql [1992B] 
Connector "example": sources: example\mutations.gql [1243B] example\queries.gql [1801B] 
 {"metadata":{"emulator":{"name":"dataconnect"},"message":"I0425 06:41:27.538330   12972 control.go:100] [projects/emulator/locations/emulator/services/krono e0df] UpdateResources(): done\nMain schema: sources: schema\\schema.gql [1992B] \nConnector \"example\": sources: example\\mutations.gql [1243B] example\\queries.gql [1801B] \n"}}
[debug] [2026-04-25T09:41:27.881Z] I0425 06:41:27.556454   12972 codegen.go:101] [connector "example" javascriptSdk] Generating sources into "e:\\KRONO\\krono\\src\\dataconnect-generated"
I0425 06:41:27.571807   12972 collector.go:107] schema extensions wrote into "e:\\KRONO\\krono\\dataconnect\\.dataconnect\\schema"
Generated sources: main\query.gql [5099B] main\mutation.gql [13679B] main\implicit.gql [1261B] main\input.gql [28927B] main\relation.gql [14318B] prelude.gql [82799B] 
I0425 06:41:27.574807   12972 collector.go:107] connector "example" javascriptSdk wrote into "e:\\KRONO\\krono\\src\\dataconnect-generated"
Generated sources: README.md [41108B] .guides/setup.md [584B] index.d.ts [8426B] esm\index.esm.js [5263B] esm\package.json [17B] index.cjs.js [5807B] package.json [615B] .guides/usage.md [1705B] .guides/config.json [236B] 
I0425 06:41:27.594416   12972 installsdk.go:55] Package @dataconnect/generated is already installed. Skipping installation
I0425 06:41:27.595472   12972 load.go:109] Finished reloading
I0425 06:41:27.616857   12972 dev.go:104] Listening on address (HTTP + gRPC): 127.0.0.1:50001
 {"metadata":{"emulator":{"name":"dataconnect"},"message":"I0425 06:41:27.556454   12972 codegen.go:101] [connector \"example\" javascriptSdk] Generating sources into \"e:\\\\KRONO\\\\krono\\\\src\\\\dataconnect-generated\"\nI0425 06:41:27.571807   12972 collector.go:107] schema extensions wrote into \"e:\\\\KRONO\\\\krono\\\\dataconnect\\\\.dataconnect\\\\schema\"\nGenerated sources: main\\query.gql [5099B] main\\mutation.gql [13679B] main\\implicit.gql [1261B] main\\input.gql [28927B] main\\relation.gql [14318B] prelude.gql [82799B] \nI0425 06:41:27.574807   12972 collector.go:107] connector \"example\" javascriptSdk wrote into \"e:\\\\KRONO\\\\krono\\\\src\\\\dataconnect-generated\"\nGenerated sources: README.md [41108B] .guides/setup.md [584B] index.d.ts [8426B] esm\\index.esm.js [5263B] esm\\package.json [17B] index.cjs.js [5807B] package.json [615B] .guides/usage.md [1705B] .guides/config.json [236B] \nI0425 06:41:27.594416   12972 installsdk.go:55] Package @dataconnect/generated is already installed. Skipping installation\nI0425 06:41:27.595472   12972 load.go:109] Finished reloading\nI0425 06:41:27.616857   12972 dev.go:104] Listening on address (HTTP + gRPC): 127.0.0.1:50001\n"}}
[debug] [2026-04-25T09:41:28.330Z] I0425 06:41:28.324325   12972 engine.go:209] [projects/emulator/locations/emulator/services/krono e0df] ExecuteGraphqlRead query IntrospectionQuery: succeeded. 
 {"metadata":{"emulator":{"name":"dataconnect"},"message":"I0425 06:41:28.324325   12972 engine.go:209] [projects/emulator/locations/emulator/services/krono e0df] ExecuteGraphqlRead query IntrospectionQuery: succeeded. \n"}}
[info] [Firebase Plugin] Stopping SQL Connect toolkit
[warn] !  SQL Connect Emulator has exited upon receiving signal: SIGINT 
[debug] [2026-04-26T22:34:35.616Z] [Firebase Plugin] Activating Firebase extension.
[debug] [2026-04-26T22:34:36.591Z] [Firebase Plugin] requireAuthWrapper
[debug] [2026-04-26T22:34:36.592Z] > command requires scopes: ["email","openid","https://www.googleapis.com/auth/cloudplatformprojects.readonly","https://www.googleapis.com/auth/firebase","https://www.googleapis.com/auth/cloud-platform"]
[debug] [2026-04-26T22:34:36.613Z] [Firebase Plugin] VSCode notification server listening on port 40001
[error] [Firebase Plugin] requireAuth error: Could not load the default credentials. Browse to https://cloud.google.com/docs/authentication/getting-started for more information.
[info] [Firebase Plugin] Starting SQL Connect toolkit (version 3.4.5) on port 50001
[debug] [2026-04-26T22:34:37.685Z] I0426 19:34:37.637993    4392 control.go:100] [projects/emulator/locations/emulator/services/krono d97b] UpdateResources(): done
Main schema: sources: schema\schema.gql [1992B] 
Connector "example": sources: example\mutations.gql [1243B] example\queries.gql [1801B] 
 {"metadata":{"emulator":{"name":"dataconnect"},"message":"I0426 19:34:37.637993    4392 control.go:100] [projects/emulator/locations/emulator/services/krono d97b] UpdateResources(): done\nMain schema: sources: schema\\schema.gql [1992B] \nConnector \"example\": sources: example\\mutations.gql [1243B] example\\queries.gql [1801B] \n"}}
[debug] [2026-04-26T22:34:37.686Z] Ignoring unsupported arg: auto_download {"metadata":{"emulator":{"name":"dataconnect"},"message":"Ignoring unsupported arg: auto_download"}}
[debug] [2026-04-26T22:34:37.686Z] Ignoring unsupported arg: port {"metadata":{"emulator":{"name":"dataconnect"},"message":"Ignoring unsupported arg: port"}}
[debug] [2026-04-26T22:34:37.686Z] Starting SQL Connect Emulator with command {"binary":"C:\\Users\\Gustavo\\.cache\\firebase\\emulators\\dataconnect-emulator-3.4.5.exe","args":["--logtostderr","-v=2","dev","--listen=localhost:50001","--config_dir=e:\\KRONO\\krono\\dataconnect","--enable_output_schema_extensions=true","--enable_output_generated_sdk=true"],"optionalArgs":["listen","config_dir","enable_output_schema_extensions","enable_output_generated_sdk"],"joinArgs":true,"shell":false,"port":9399} {"metadata":{"emulator":{"name":"dataconnect"},"message":"Starting SQL Connect Emulator with command {\"binary\":\"C:\\\\Users\\\\Gustavo\\\\.cache\\\\firebase\\\\emulators\\\\dataconnect-emulator-3.4.5.exe\",\"args\":[\"--logtostderr\",\"-v=2\",\"dev\",\"--listen=localhost:50001\",\"--config_dir=e:\\\\KRONO\\\\krono\\\\dataconnect\",\"--enable_output_schema_extensions=true\",\"--enable_output_generated_sdk=true\"],\"optionalArgs\":[\"listen\",\"config_dir\",\"enable_output_schema_extensions\",\"enable_output_generated_sdk\"],\"joinArgs\":true,\"shell\":false,\"port\":9399}"}}
[info] i  dataconnect: SQL Connect Emulator logging to dataconnect-debug.log {"metadata":{"emulator":{"name":"dataconnect"},"message":"SQL Connect Emulator logging to \u001b[1mdataconnect-debug.log\u001b[22m"}}
[debug] [2026-04-26T22:34:37.778Z] I0426 19:34:37.725986   19280 load.go:31] Reloading schema and connectors...
 {"metadata":{"emulator":{"name":"dataconnect"},"message":"I0426 19:34:37.725986   19280 load.go:31] Reloading schema and connectors...\n"}}
[debug] [2026-04-26T22:34:37.786Z] I0426 19:34:37.786641   19280 control.go:100] [projects/emulator/locations/emulator/services/krono c69a] UpdateResources(): done
Main schema: sources: schema\schema.gql [1992B] 
Connector "example": sources: example\queries.gql [1801B] example\mutations.gql [1243B] 
 {"metadata":{"emulator":{"name":"dataconnect"},"message":"I0426 19:34:37.786641   19280 control.go:100] [projects/emulator/locations/emulator/services/krono c69a] UpdateResources(): done\nMain schema: sources: schema\\schema.gql [1992B] \nConnector \"example\": sources: example\\queries.gql [1801B] example\\mutations.gql [1243B] \n"}}
[debug] [2026-04-26T22:34:37.815Z] I0426 19:34:37.808672   19280 codegen.go:101] [connector "example" javascriptSdk] Generating sources into "e:\\KRONO\\krono\\src\\dataconnect-generated"
 {"metadata":{"emulator":{"name":"dataconnect"},"message":"I0426 19:34:37.808672   19280 codegen.go:101] [connector \"example\" javascriptSdk] Generating sources into \"e:\\\\KRONO\\\\krono\\\\src\\\\dataconnect-generated\"\n"}}
[debug] [2026-04-26T22:34:37.878Z] I0426 19:34:37.827672   19280 collector.go:107] schema extensions wrote into "e:\\KRONO\\krono\\dataconnect\\.dataconnect\\schema"
Generated sources: main\query.gql [5099B] main\mutation.gql [13679B] prelude.gql [82799B] main\implicit.gql [1261B] main\input.gql [28927B] main\relation.gql [14318B] 
I0426 19:34:37.829670   19280 collector.go:107] connector "example" javascriptSdk wrote into "e:\\KRONO\\krono\\src\\dataconnect-generated"
Generated sources: package.json [615B] .guides/usage.md [1705B] .guides/setup.md [584B] .guides/config.json [236B] esm\index.esm.js [5263B] esm\package.json [17B] index.cjs.js [5807B] README.md [41108B] index.d.ts [8426B] 
I0426 19:34:37.835670   19280 installsdk.go:55] Package @dataconnect/generated is already installed. Skipping installation
I0426 19:34:37.835670   19280 load.go:109] Finished reloading
I0426 19:34:37.861640   19280 dev.go:104] Listening on address (HTTP + gRPC): 127.0.0.1:50001
 {"metadata":{"emulator":{"name":"dataconnect"},"message":"I0426 19:34:37.827672   19280 collector.go:107] schema extensions wrote into \"e:\\\\KRONO\\\\krono\\\\dataconnect\\\\.dataconnect\\\\schema\"\nGenerated sources: main\\query.gql [5099B] main\\mutation.gql [13679B] prelude.gql [82799B] main\\implicit.gql [1261B] main\\input.gql [28927B] main\\relation.gql [14318B] \nI0426 19:34:37.829670   19280 collector.go:107] connector \"example\" javascriptSdk wrote into \"e:\\\\KRONO\\\\krono\\\\src\\\\dataconnect-generated\"\nGenerated sources: package.json [615B] .guides/usage.md [1705B] .guides/setup.md [584B] .guides/config.json [236B] esm\\index.esm.js [5263B] esm\\package.json [17B] index.cjs.js [5807B] README.md [41108B] index.d.ts [8426B] \nI0426 19:34:37.835670   19280 installsdk.go:55] Package @dataconnect/generated is already installed. Skipping installation\nI0426 19:34:37.835670   19280 load.go:109] Finished reloading\nI0426 19:34:37.861640   19280 dev.go:104] Listening on address (HTTP + gRPC): 127.0.0.1:50001\n"}}
[debug] [2026-04-26T22:34:38.020Z] I0426 19:34:38.021432   19280 engine.go:209] [projects/emulator/locations/emulator/services/krono c69a] ExecuteGraphqlRead query IntrospectionQuery: succeeded. 
 {"metadata":{"emulator":{"name":"dataconnect"},"message":"I0426 19:34:38.021432   19280 engine.go:209] [projects/emulator/locations/emulator/services/krono c69a] ExecuteGraphqlRead query IntrospectionQuery: succeeded. \n"}}
[info] [Firebase Plugin] Stopping SQL Connect toolkit
[warn] !  SQL Connect Emulator has exited upon receiving signal: SIGINT 
[debug] [2026-04-27T01:59:45.180Z] [Firebase Plugin] Activating Firebase extension.
[debug] [2026-04-27T01:59:46.740Z] [Firebase Plugin] requireAuthWrapper
[debug] [2026-04-27T01:59:46.741Z] > command requires scopes: ["email","openid","https://www.googleapis.com/auth/cloudplatformprojects.readonly","https://www.googleapis.com/auth/firebase","https://www.googleapis.com/auth/cloud-platform"]
[debug] [2026-04-27T01:59:46.761Z] [Firebase Plugin] VSCode notification server listening on port 40001
[error] [Firebase Plugin] requireAuth error: Could not load the default credentials. Browse to https://cloud.google.com/docs/authentication/getting-started for more information.
[info] [Firebase Plugin] Starting SQL Connect toolkit (version 3.4.5) on port 50001
[debug] [2026-04-27T01:59:47.252Z] I0426 22:59:47.209848   22140 control.go:100] [projects/emulator/locations/emulator/services/krono a789] UpdateResources(): done
Main schema: sources: schema\schema.gql [1992B] 
Connector "example": sources: example\mutations.gql [1243B] example\queries.gql [1801B] 
 {"metadata":{"emulator":{"name":"dataconnect"},"message":"I0426 22:59:47.209848   22140 control.go:100] [projects/emulator/locations/emulator/services/krono a789] UpdateResources(): done\nMain schema: sources: schema\\schema.gql [1992B] \nConnector \"example\": sources: example\\mutations.gql [1243B] example\\queries.gql [1801B] \n"}}
[debug] [2026-04-27T01:59:47.253Z] Ignoring unsupported arg: auto_download {"metadata":{"emulator":{"name":"dataconnect"},"message":"Ignoring unsupported arg: auto_download"}}
[debug] [2026-04-27T01:59:47.253Z] Ignoring unsupported arg: port {"metadata":{"emulator":{"name":"dataconnect"},"message":"Ignoring unsupported arg: port"}}
[debug] [2026-04-27T01:59:47.253Z] Starting SQL Connect Emulator with command {"binary":"C:\\Users\\Gustavo\\.cache\\firebase\\emulators\\dataconnect-emulator-3.4.5.exe","args":["--logtostderr","-v=2","dev","--listen=localhost:50001","--config_dir=e:\\KRONO\\krono\\dataconnect","--enable_output_schema_extensions=true","--enable_output_generated_sdk=true"],"optionalArgs":["listen","config_dir","enable_output_schema_extensions","enable_output_generated_sdk"],"joinArgs":true,"shell":false,"port":9399} {"metadata":{"emulator":{"name":"dataconnect"},"message":"Starting SQL Connect Emulator with command {\"binary\":\"C:\\\\Users\\\\Gustavo\\\\.cache\\\\firebase\\\\emulators\\\\dataconnect-emulator-3.4.5.exe\",\"args\":[\"--logtostderr\",\"-v=2\",\"dev\",\"--listen=localhost:50001\",\"--config_dir=e:\\\\KRONO\\\\krono\\\\dataconnect\",\"--enable_output_schema_extensions=true\",\"--enable_output_generated_sdk=true\"],\"optionalArgs\":[\"listen\",\"config_dir\",\"enable_output_schema_extensions\",\"enable_output_generated_sdk\"],\"joinArgs\":true,\"shell\":false,\"port\":9399}"}}
[info] i  dataconnect: SQL Connect Emulator logging to dataconnect-debug.log {"metadata":{"emulator":{"name":"dataconnect"},"message":"SQL Connect Emulator logging to \u001b[1mdataconnect-debug.log\u001b[22m"}}
[debug] [2026-04-27T01:59:47.353Z] I0426 22:59:47.287227   27572 load.go:31] Reloading schema and connectors...
 {"metadata":{"emulator":{"name":"dataconnect"},"message":"I0426 22:59:47.287227   27572 load.go:31] Reloading schema and connectors...\n"}}
[debug] [2026-04-27T01:59:47.395Z] I0426 22:59:47.370323   27572 control.go:100] [projects/emulator/locations/emulator/services/krono db2a] UpdateResources(): done
Main schema: sources: schema\schema.gql [1992B] 
Connector "example": sources: example\queries.gql [1801B] example\mutations.gql [1243B] 
 {"metadata":{"emulator":{"name":"dataconnect"},"message":"I0426 22:59:47.370323   27572 control.go:100] [projects/emulator/locations/emulator/services/krono db2a] UpdateResources(): done\nMain schema: sources: schema\\schema.gql [1992B] \nConnector \"example\": sources: example\\queries.gql [1801B] example\\mutations.gql [1243B] \n"}}
[debug] [2026-04-27T01:59:47.763Z] I0426 22:59:47.406099   27572 codegen.go:101] [connector "example" javascriptSdk] Generating sources into "e:\\KRONO\\krono\\src\\dataconnect-generated"
I0426 22:59:47.419832   27572 collector.go:107] schema extensions wrote into "e:\\KRONO\\krono\\dataconnect\\.dataconnect\\schema"
Generated sources: main\input.gql [28927B] main\relation.gql [14318B] main\query.gql [5099B] main\mutation.gql [13679B] prelude.gql [82799B] main\implicit.gql [1261B] 
I0426 22:59:47.422831   27572 collector.go:107] connector "example" javascriptSdk wrote into "e:\\KRONO\\krono\\src\\dataconnect-generated"
Generated sources: esm\index.esm.js [5263B] README.md [41108B] .guides/usage.md [1705B] .guides/setup.md [584B] .guides/config.json [236B] index.d.ts [8426B] esm\package.json [17B] index.cjs.js [5807B] package.json [615B] 
I0426 22:59:47.428774   27572 installsdk.go:55] Package @dataconnect/generated is already installed. Skipping installation
I0426 22:59:47.428774   27572 load.go:109] Finished reloading
I0426 22:59:47.455992   27572 dev.go:104] Listening on address (HTTP + gRPC): 127.0.0.1:50001
 {"metadata":{"emulator":{"name":"dataconnect"},"message":"I0426 22:59:47.406099   27572 codegen.go:101] [connector \"example\" javascriptSdk] Generating sources into \"e:\\\\KRONO\\\\krono\\\\src\\\\dataconnect-generated\"\nI0426 22:59:47.419832   27572 collector.go:107] schema extensions wrote into \"e:\\\\KRONO\\\\krono\\\\dataconnect\\\\.dataconnect\\\\schema\"\nGenerated sources: main\\input.gql [28927B] main\\relation.gql [14318B] main\\query.gql [5099B] main\\mutation.gql [13679B] prelude.gql [82799B] main\\implicit.gql [1261B] \nI0426 22:59:47.422831   27572 collector.go:107] connector \"example\" javascriptSdk wrote into \"e:\\\\KRONO\\\\krono\\\\src\\\\dataconnect-generated\"\nGenerated sources: esm\\index.esm.js [5263B] README.md [41108B] .guides/usage.md [1705B] .guides/setup.md [584B] .guides/config.json [236B] index.d.ts [8426B] esm\\package.json [17B] index.cjs.js [5807B] package.json [615B] \nI0426 22:59:47.428774   27572 installsdk.go:55] Package @dataconnect/generated is already installed. Skipping installation\nI0426 22:59:47.428774   27572 load.go:109] Finished reloading\nI0426 22:59:47.455992   27572 dev.go:104] Listening on address (HTTP + gRPC): 127.0.0.1:50001\n"}}
[debug] [2026-04-27T01:59:48.084Z] I0426 22:59:48.084613   27572 engine.go:209] [projects/emulator/locations/emulator/services/krono db2a] ExecuteGraphqlRead query IntrospectionQuery: succeeded. 
 {"metadata":{"emulator":{"name":"dataconnect"},"message":"I0426 22:59:48.084613   27572 engine.go:209] [projects/emulator/locations/emulator/services/krono db2a] ExecuteGraphqlRead query IntrospectionQuery: succeeded. \n"}}
[info] [Firebase Plugin] Stopping SQL Connect toolkit
[warn] !  SQL Connect Emulator has exited upon receiving signal: SIGINT 
[debug] [2026-04-27T12:06:18.355Z] [Firebase Plugin] Activating Firebase extension.
[debug] [2026-04-27T12:06:19.919Z] [Firebase Plugin] requireAuthWrapper
[debug] [2026-04-27T12:06:19.920Z] > command requires scopes: ["email","openid","https://www.googleapis.com/auth/cloudplatformprojects.readonly","https://www.googleapis.com/auth/firebase","https://www.googleapis.com/auth/cloud-platform"]
[debug] [2026-04-27T12:06:19.938Z] [Firebase Plugin] VSCode notification server listening on port 40001
[error] [Firebase Plugin] requireAuth error: Could not load the default credentials. Browse to https://cloud.google.com/docs/authentication/getting-started for more information.
[info] [Firebase Plugin] Starting SQL Connect toolkit (version 3.4.5) on port 50001
[debug] [2026-04-27T12:06:20.766Z] I0427 09:06:20.710591   13348 control.go:100] [projects/emulator/locations/emulator/services/krono 6579] UpdateResources(): done
Main schema: sources: schema\schema.gql [1992B] 
Connector "example": sources: example\mutations.gql [1243B] example\queries.gql [1801B] 
 {"metadata":{"emulator":{"name":"dataconnect"},"message":"I0427 09:06:20.710591   13348 control.go:100] [projects/emulator/locations/emulator/services/krono 6579] UpdateResources(): done\nMain schema: sources: schema\\schema.gql [1992B] \nConnector \"example\": sources: example\\mutations.gql [1243B] example\\queries.gql [1801B] \n"}}
[debug] [2026-04-27T12:06:20.767Z] Ignoring unsupported arg: auto_download {"metadata":{"emulator":{"name":"dataconnect"},"message":"Ignoring unsupported arg: auto_download"}}
[debug] [2026-04-27T12:06:20.767Z] Ignoring unsupported arg: port {"metadata":{"emulator":{"name":"dataconnect"},"message":"Ignoring unsupported arg: port"}}
[debug] [2026-04-27T12:06:20.768Z] Starting SQL Connect Emulator with command {"binary":"C:\\Users\\Gustavo\\.cache\\firebase\\emulators\\dataconnect-emulator-3.4.5.exe","args":["--logtostderr","-v=2","dev","--listen=localhost:50001","--config_dir=e:\\KRONO\\krono\\dataconnect","--enable_output_schema_extensions=true","--enable_output_generated_sdk=true"],"optionalArgs":["listen","config_dir","enable_output_schema_extensions","enable_output_generated_sdk"],"joinArgs":true,"shell":false,"port":9399} {"metadata":{"emulator":{"name":"dataconnect"},"message":"Starting SQL Connect Emulator with command {\"binary\":\"C:\\\\Users\\\\Gustavo\\\\.cache\\\\firebase\\\\emulators\\\\dataconnect-emulator-3.4.5.exe\",\"args\":[\"--logtostderr\",\"-v=2\",\"dev\",\"--listen=localhost:50001\",\"--config_dir=e:\\\\KRONO\\\\krono\\\\dataconnect\",\"--enable_output_schema_extensions=true\",\"--enable_output_generated_sdk=true\"],\"optionalArgs\":[\"listen\",\"config_dir\",\"enable_output_schema_extensions\",\"enable_output_generated_sdk\"],\"joinArgs\":true,\"shell\":false,\"port\":9399}"}}
[info] i  dataconnect: SQL Connect Emulator logging to dataconnect-debug.log {"metadata":{"emulator":{"name":"dataconnect"},"message":"SQL Connect Emulator logging to \u001b[1mdataconnect-debug.log\u001b[22m"}}
[debug] [2026-04-27T12:06:20.886Z] I0427 09:06:20.817454    2588 load.go:31] Reloading schema and connectors...
 {"metadata":{"emulator":{"name":"dataconnect"},"message":"I0427 09:06:20.817454    2588 load.go:31] Reloading schema and connectors...\n"}}
[debug] [2026-04-27T12:06:20.901Z] I0427 09:06:20.889100    2588 control.go:100] [projects/emulator/locations/emulator/services/krono a770] UpdateResources(): done
Main schema: sources: schema\schema.gql [1992B] 
Connector "example": sources: example\mutations.gql [1243B] example\queries.gql [1801B] 
 {"metadata":{"emulator":{"name":"dataconnect"},"message":"I0427 09:06:20.889100    2588 control.go:100] [projects/emulator/locations/emulator/services/krono a770] UpdateResources(): done\nMain schema: sources: schema\\schema.gql [1992B] \nConnector \"example\": sources: example\\mutations.gql [1243B] example\\queries.gql [1801B] \n"}}
[debug] [2026-04-27T12:06:21.289Z] I0427 09:06:20.931638    2588 codegen.go:101] [connector "example" javascriptSdk] Generating sources into "e:\\KRONO\\krono\\src\\dataconnect-generated"
I0427 09:06:20.952632    2588 collector.go:107] schema extensions wrote into "e:\\KRONO\\krono\\dataconnect\\.dataconnect\\schema"
Generated sources: main\input.gql [28927B] main\relation.gql [14318B] prelude.gql [82799B] main\query.gql [5099B] main\mutation.gql [13679B] main\implicit.gql [1261B] 
I0427 09:06:20.955635    2588 collector.go:107] connector "example" javascriptSdk wrote into "e:\\KRONO\\krono\\src\\dataconnect-generated"
Generated sources: index.d.ts [8426B] index.cjs.js [5807B] README.md [41108B] .guides/usage.md [1705B] .guides/config.json [236B] esm\index.esm.js [5263B] esm\package.json [17B] package.json [615B] .guides/setup.md [584B] 
I0427 09:06:20.968633    2588 installsdk.go:55] Package @dataconnect/generated is already installed. Skipping installation
I0427 09:06:20.968633    2588 load.go:109] Finished reloading
I0427 09:06:20.996650    2588 dev.go:104] Listening on address (HTTP + gRPC): 127.0.0.1:50001
 {"metadata":{"emulator":{"name":"dataconnect"},"message":"I0427 09:06:20.931638    2588 codegen.go:101] [connector \"example\" javascriptSdk] Generating sources into \"e:\\\\KRONO\\\\krono\\\\src\\\\dataconnect-generated\"\nI0427 09:06:20.952632    2588 collector.go:107] schema extensions wrote into \"e:\\\\KRONO\\\\krono\\\\dataconnect\\\\.dataconnect\\\\schema\"\nGenerated sources: main\\input.gql [28927B] main\\relation.gql [14318B] prelude.gql [82799B] main\\query.gql [5099B] main\\mutation.gql [13679B] main\\implicit.gql [1261B] \nI0427 09:06:20.955635    2588 collector.go:107] connector \"example\" javascriptSdk wrote into \"e:\\\\KRONO\\\\krono\\\\src\\\\dataconnect-generated\"\nGenerated sources: index.d.ts [8426B] index.cjs.js [5807B] README.md [41108B] .guides/usage.md [1705B] .guides/config.json [236B] esm\\index.esm.js [5263B] esm\\package.json [17B] package.json [615B] .guides/setup.md [584B] \nI0427 09:06:20.968633    2588 installsdk.go:55] Package @dataconnect/generated is already installed. Skipping installation\nI0427 09:06:20.968633    2588 load.go:109] Finished reloading\nI0427 09:06:20.996650    2588 dev.go:104] Listening on address (HTTP + gRPC): 127.0.0.1:50001\n"}}
[debug] [2026-04-27T12:06:21.766Z] I0427 09:06:21.766196    2588 engine.go:209] [projects/emulator/locations/emulator/services/krono a770] ExecuteGraphqlRead query IntrospectionQuery: succeeded. 
 {"metadata":{"emulator":{"name":"dataconnect"},"message":"I0427 09:06:21.766196    2588 engine.go:209] [projects/emulator/locations/emulator/services/krono a770] ExecuteGraphqlRead query IntrospectionQuery: succeeded. \n"}}
[info] [Firebase Plugin] Stopping SQL Connect toolkit
[warn] !  SQL Connect Emulator has exited upon receiving signal: SIGINT 
[debug] [2026-04-27T17:54:47.556Z] [Firebase Plugin] Activating Firebase extension.
[debug] [2026-04-27T17:54:49.573Z] [Firebase Plugin] requireAuthWrapper
[debug] [2026-04-27T17:54:49.575Z] > command requires scopes: ["email","openid","https://www.googleapis.com/auth/cloudplatformprojects.readonly","https://www.googleapis.com/auth/firebase","https://www.googleapis.com/auth/cloud-platform"]
[debug] [2026-04-27T17:54:49.603Z] [Firebase Plugin] VSCode notification server listening on port 40001
[error] [Firebase Plugin] requireAuth error: Could not load the default credentials. Browse to https://cloud.google.com/docs/authentication/getting-started for more information.
[info] [Firebase Plugin] Starting SQL Connect toolkit (version 3.4.5) on port 50001
[debug] [2026-04-27T17:54:50.517Z] I0427 14:54:50.470300   26628 control.go:100] [projects/emulator/locations/emulator/services/krono 5157] UpdateResources(): done
Main schema: sources: schema\schema.gql [1992B] 
Connector "example": sources: example\queries.gql [1801B] example\mutations.gql [1243B] 
 {"metadata":{"emulator":{"name":"dataconnect"},"message":"I0427 14:54:50.470300   26628 control.go:100] [projects/emulator/locations/emulator/services/krono 5157] UpdateResources(): done\nMain schema: sources: schema\\schema.gql [1992B] \nConnector \"example\": sources: example\\queries.gql [1801B] example\\mutations.gql [1243B] \n"}}
[debug] [2026-04-27T17:54:50.518Z] Ignoring unsupported arg: auto_download {"metadata":{"emulator":{"name":"dataconnect"},"message":"Ignoring unsupported arg: auto_download"}}
[debug] [2026-04-27T17:54:50.518Z] Ignoring unsupported arg: port {"metadata":{"emulator":{"name":"dataconnect"},"message":"Ignoring unsupported arg: port"}}
[debug] [2026-04-27T17:54:50.518Z] Starting SQL Connect Emulator with command {"binary":"C:\\Users\\Gustavo\\.cache\\firebase\\emulators\\dataconnect-emulator-3.4.5.exe","args":["--logtostderr","-v=2","dev","--listen=localhost:50001","--config_dir=e:\\KRONO\\krono\\dataconnect","--enable_output_schema_extensions=true","--enable_output_generated_sdk=true"],"optionalArgs":["listen","config_dir","enable_output_schema_extensions","enable_output_generated_sdk"],"joinArgs":true,"shell":false,"port":9399} {"metadata":{"emulator":{"name":"dataconnect"},"message":"Starting SQL Connect Emulator with command {\"binary\":\"C:\\\\Users\\\\Gustavo\\\\.cache\\\\firebase\\\\emulators\\\\dataconnect-emulator-3.4.5.exe\",\"args\":[\"--logtostderr\",\"-v=2\",\"dev\",\"--listen=localhost:50001\",\"--config_dir=e:\\\\KRONO\\\\krono\\\\dataconnect\",\"--enable_output_schema_extensions=true\",\"--enable_output_generated_sdk=true\"],\"optionalArgs\":[\"listen\",\"config_dir\",\"enable_output_schema_extensions\",\"enable_output_generated_sdk\"],\"joinArgs\":true,\"shell\":false,\"port\":9399}"}}
[info] i  dataconnect: SQL Connect Emulator logging to dataconnect-debug.log {"metadata":{"emulator":{"name":"dataconnect"},"message":"SQL Connect Emulator logging to \u001b[1mdataconnect-debug.log\u001b[22m"}}
[debug] [2026-04-27T17:54:50.620Z] I0427 14:54:50.560895   11940 load.go:31] Reloading schema and connectors...
 {"metadata":{"emulator":{"name":"dataconnect"},"message":"I0427 14:54:50.560895   11940 load.go:31] Reloading schema and connectors...\n"}}
[debug] [2026-04-27T17:54:50.655Z] I0427 14:54:50.654713   11940 control.go:100] [projects/emulator/locations/emulator/services/krono dec1] UpdateResources(): done
Main schema: sources: schema\schema.gql [1992B] 
Connector "example": sources: example\queries.gql [1801B] example\mutations.gql [1243B] 
 {"metadata":{"emulator":{"name":"dataconnect"},"message":"I0427 14:54:50.654713   11940 control.go:100] [projects/emulator/locations/emulator/services/krono dec1] UpdateResources(): done\nMain schema: sources: schema\\schema.gql [1992B] \nConnector \"example\": sources: example\\queries.gql [1801B] example\\mutations.gql [1243B] \n"}}
[debug] [2026-04-27T17:54:50.722Z] I0427 14:54:50.695140   11940 codegen.go:101] [connector "example" javascriptSdk] Generating sources into "e:\\KRONO\\krono\\src\\dataconnect-generated"
 {"metadata":{"emulator":{"name":"dataconnect"},"message":"I0427 14:54:50.695140   11940 codegen.go:101] [connector \"example\" javascriptSdk] Generating sources into \"e:\\\\KRONO\\\\krono\\\\src\\\\dataconnect-generated\"\n"}}
[debug] [2026-04-27T17:54:50.736Z] I0427 14:54:50.727581   11940 collector.go:107] schema extensions wrote into "e:\\KRONO\\krono\\dataconnect\\.dataconnect\\schema"
Generated sources: main\query.gql [5099B] main\mutation.gql [13679B] prelude.gql [82799B] main\implicit.gql [1261B] main\input.gql [28927B] main\relation.gql [14318B] 
I0427 14:54:50.732395   11940 collector.go:107] connector "example" javascriptSdk wrote into "e:\\KRONO\\krono\\src\\dataconnect-generated"
Generated sources: esm\index.esm.js [5263B] index.cjs.js [5807B] package.json [615B] .guides/usage.md [1705B] .guides/setup.md [584B] .guides/config.json [236B] esm\package.json [17B] README.md [41108B] index.d.ts [8426B] 
 {"metadata":{"emulator":{"name":"dataconnect"},"message":"I0427 14:54:50.727581   11940 collector.go:107] schema extensions wrote into \"e:\\\\KRONO\\\\krono\\\\dataconnect\\\\.dataconnect\\\\schema\"\nGenerated sources: main\\query.gql [5099B] main\\mutation.gql [13679B] prelude.gql [82799B] main\\implicit.gql [1261B] main\\input.gql [28927B] main\\relation.gql [14318B] \nI0427 14:54:50.732395   11940 collector.go:107] connector \"example\" javascriptSdk wrote into \"e:\\\\KRONO\\\\krono\\\\src\\\\dataconnect-generated\"\nGenerated sources: esm\\index.esm.js [5263B] index.cjs.js [5807B] package.json [615B] .guides/usage.md [1705B] .guides/setup.md [584B] .guides/config.json [236B] esm\\package.json [17B] README.md [41108B] index.d.ts [8426B] \n"}}
[debug] [2026-04-27T17:54:51.459Z] I0427 14:54:51.045213   11940 installsdk.go:55] Package @dataconnect/generated is already installed. Skipping installation
I0427 14:54:51.046214   11940 load.go:109] Finished reloading
I0427 14:54:51.072705   11940 dev.go:104] Listening on address (HTTP + gRPC): 127.0.0.1:50001
 {"metadata":{"emulator":{"name":"dataconnect"},"message":"I0427 14:54:51.045213   11940 installsdk.go:55] Package @dataconnect/generated is already installed. Skipping installation\nI0427 14:54:51.046214   11940 load.go:109] Finished reloading\nI0427 14:54:51.072705   11940 dev.go:104] Listening on address (HTTP + gRPC): 127.0.0.1:50001\n"}}
[debug] [2026-04-27T17:54:51.601Z] I0427 14:54:51.589709   11940 engine.go:209] [projects/emulator/locations/emulator/services/krono dec1] ExecuteGraphqlRead query IntrospectionQuery: succeeded. 
 {"metadata":{"emulator":{"name":"dataconnect"},"message":"I0427 14:54:51.589709   11940 engine.go:209] [projects/emulator/locations/emulator/services/krono dec1] ExecuteGraphqlRead query IntrospectionQuery: succeeded. \n"}}
[info] [Firebase Plugin] Stopping SQL Connect toolkit
[warn] !  SQL Connect Emulator has exited upon receiving signal: SIGINT 
